2025-06-07 16:18:07,720 - INFO - Prediction request: days=3, miles=93.0, receipts=1.42
2025-06-07 16:18:07,720 - INFO - Using special formula for low receipts: $100*3 + $0.75*93.0 = $369.75
2025-06-07 16:18:07,720 - INFO - ✓ Prediction: 369.75 | Expected: 364.51 | Error: $5.24
2025-06-07 16:18:16,500 - INFO - Prediction request: days=3, miles=344.46, receipts=592.55
2025-06-07 16:18:16,500 - INFO - No existing model found, training new model...
2025-06-07 16:18:16,500 - INFO - Starting model training (V2)...
2025-06-07 16:18:16,500 - INFO - Loaded 1000 training cases
2025-06-07 16:18:16,501 - INFO - Low receipt cases (<$30): 26
2025-06-07 16:18:16,501 - INFO - High receipt cases (>=$30): 974
2025-06-07 16:18:16,501 - INFO - 
Analyzing low receipt cases for formula pattern...
2025-06-07 16:18:16,501 - INFO -   d=3, m=93.0, r=$1.42 => $364.51
2025-06-07 16:18:16,501 - INFO -     Best formula: f5_100_day_0.75_mile (error: $5.24)
2025-06-07 16:18:16,501 - INFO -   d=1, m=55.0, r=$3.60 => $126.06
2025-06-07 16:18:16,501 - INFO -     Best formula: f2_125_per_day (error: $1.06)
2025-06-07 16:18:16,501 - INFO -   d=1, m=47.0, r=$17.97 => $128.91
2025-06-07 16:18:16,501 - INFO -     Best formula: f2_125_per_day (error: $1.06)
2025-06-07 16:18:16,501 - INFO -   d=2, m=13.0, r=$4.67 => $203.52
2025-06-07 16:18:16,501 - INFO -     Best formula: f2_125_per_day (error: $1.06)
2025-06-07 16:18:16,501 - INFO -   d=3, m=88.0, r=$5.78 => $380.37
2025-06-07 16:18:16,501 - INFO -     Best formula: f2_125_per_day (error: $1.06)
2025-06-07 16:18:16,501 - INFO -   d=1, m=76.0, r=$13.74 => $158.35
2025-06-07 16:18:16,501 - INFO -     Best formula: f2_125_per_day (error: $1.06)
2025-06-07 16:18:16,501 - INFO -   d=3, m=41.0, r=$4.52 => $320.12
2025-06-07 16:18:16,501 - INFO -     Best formula: f3_100_day_0.5_mile (error: $0.38)
2025-06-07 16:18:16,501 - INFO -   d=1, m=140.0, r=$22.71 => $199.68
2025-06-07 16:18:16,501 - INFO -     Best formula: f3_100_day_0.5_mile (error: $0.38)
2025-06-07 16:18:16,501 - INFO -   d=3, m=121.0, r=$21.17 => $464.07
2025-06-07 16:18:16,501 - INFO -     Best formula: f3_100_day_0.5_mile (error: $0.38)
2025-06-07 16:18:16,501 - INFO -   d=3, m=117.0, r=$21.99 => $359.10
2025-06-07 16:18:16,501 - INFO -     Best formula: f3_100_day_0.5_mile (error: $0.38)
2025-06-07 16:18:16,501 - INFO - Processing training case 0/1000
2025-06-07 16:18:16,501 - INFO - Processing training case 100/1000
2025-06-07 16:18:16,501 - INFO - Processing training case 200/1000
2025-06-07 16:18:16,502 - INFO - Processing training case 300/1000
2025-06-07 16:18:16,502 - INFO - Processing training case 400/1000
2025-06-07 16:18:16,502 - INFO - Processing training case 500/1000
2025-06-07 16:18:16,503 - INFO - Processing training case 600/1000
2025-06-07 16:18:16,503 - INFO - Processing training case 700/1000
2025-06-07 16:18:16,503 - INFO - Processing training case 800/1000
2025-06-07 16:18:16,503 - INFO - Processing training case 900/1000
2025-06-07 16:18:16,506 - INFO - Created feature matrix with shape (1000, 27)
2025-06-07 16:18:16,506 - INFO - Training Gradient Boosting model (V2)...
2025-06-07 16:18:20,439 - INFO - Model training complete
2025-06-07 16:18:20,453 - INFO - Training R² score: 0.9988
2025-06-07 16:18:20,468 - INFO - Model saved to reimbursement_model_v2.pkl
2025-06-07 16:18:20,469 - INFO - Prediction complete: 636.62 (no expected value available)
